diario_tests  | ============================= test session starts ==============================
diario_tests  | platform linux -- Python 3.11.14, pytest-8.3.3, pluggy-1.6.0
diario_tests  | rootdir: /app
diario_tests  | configfile: pytest.ini
diario_tests  | testpaths: source, tests
diario_tests  | plugins: anyio-4.11.0, asyncio-0.24.0, cov-5.0.0
diario_tests  | asyncio: mode=Mode.AUTO, default_loop_scope=function
diario_tests  | collected 34 items
diario_tests  | 
diario_tests  | source/episodio/test_episodio.py .....                                   [ 14%]
diario_tests  | source/episodio/test_integration_episodio.py ..                          [ 20%]
diario_tests  | source/gatilho/test_gatilho.py .....                                     [ 35%]
diario_tests  | source/gatilho/test_integration_gatilho.py ..                            [ 41%]
diario_tests  | source/medicacao/test_integration_medicacao.py ..                        [ 47%]
diario_tests  | source/medicacao/test_medicacao.py ...........                           [ 79%]
diario_tests  | source/usuario/test_integration_usuario.py ..                            [ 85%]
diario_tests  | source/usuario/test_usuario.py .....                                     [100%]
diario_tests  | 
diario_tests  | ---------- coverage: platform linux, python 3.11.14-final-0 ----------
diario_tests  | Name                                       Stmts   Miss  Cover   Missing
diario_tests  | ------------------------------------------------------------------------
diario_tests  | source/episodio/controller_episodio.py        40      7    82%   25, 39-44, 46-51, 72, 74
diario_tests  | source/episodio/schemas_episodio.py           30      1    97%   46
diario_tests  | source/episodio/test_episodio.py              58      1    98%   64
diario_tests  | source/episodio/view_episodio.py              34      6    82%   49-52, 62, 73
diario_tests  | source/gatilho/controller_gatilho.py          31      6    81%   17-19, 50-52
diario_tests  | source/gatilho/view_gatilho.py                42     10    76%   36, 43, 70-76, 94, 101, 108, 130
diario_tests  | source/medicacao/controller_medicacao.py      37      3    92%   24-26
diario_tests  | source/medicacao/view_medicacao.py            43      5    88%   44, 93, 98, 110, 133
diario_tests  | source/usuario/view_usuario.py                38      3    92%   48-50
diario_tests  | ------------------------------------------------------------------------
diario_tests  | TOTAL                                        818     42    95%
diario_tests  | 
diario_tests  | 20 files skipped due to complete coverage.
diario_tests  | Coverage HTML written to dir htmlcov
diario_tests  | 
diario_tests  | 
diario_tests  | ============================= 34 passed in 21.60s ==============================

[Kdiario_tests exited with code 0
